Microchip MPLAB XC8 Compiler V2.46

Linker command line:

-W-3 \
  --edf=C:/Program Files/Microchip/MPLABX/v6.20/packs/Microchip/PIC16F1xxxx_DFP/1.24.387/xc8\pic\dat\20240111205957_en.msgs \
  -cn -h+dist/default/production\Dough_Go.X.production.sym \
  --cmf=dist/default/production\Dough_Go.X.production.cmf -z -Q16F18344 \
  -oC:\Users\Thomas\AppData\Local\Temp\xcAspp4.\driver_tmp_3.o \
  --defsym=__MPLAB_BUILD=1 --fixupoverflow=error \
  -Mdist/default/production/Dough_Go.X.production.map \
  --md=C:\Users\Thomas\AppData\Local\Temp\xcAspp4.\driver_tmp_0.dat -E1 \
  -ver=XC8 Compiler --acfsm=1493 -ACODE=00h-07FFhx2 -ASTRCODE=00h-0FFFh \
  -ASTRING=00h-0FFhx16 -ACONST=00h-0FFhx16 -AENTRY=00h-0FFhx16 \
  -ACOMMON=070h-07Fh -ABANK0=020h-06Fh -ABANK1=0A0h-0EFh \
  -ABANK2=0120h-016Fh -ABANK3=01A0h-01EFh -ABANK4=0220h-026Fh \
  -ABANK5=02A0h-02EFh -ABANK6=0320h-032Fh -ABIGRAM=02000h-021EFh \
  -ARAM=020h-06Fh,0A0h-0EFh,0120h-016Fh,01A0h-01EFh,0220h-026Fh,02A0h-02EFh,0320h-032Fh \
  -AABS1=020h-07Fh,0A0h-0EFh,0120h-016Fh,01A0h-01EFh,0220h-026Fh,02A0h-02EFh,0320h-032Fh \
  -ASFR0=00h-01Fh -ASFR1=080h-09Fh -ASFR2=0100h-011Fh -ASFR3=0180h-019Fh \
  -ASFR4=0200h-021Fh -ASFR5=0280h-029Fh -ASFR6=0300h-031Fh \
  -ASFR7=0380h-03EFh -ASFR8=0400h-046Fh -ASFR9=0480h-04EFh \
  -ASFR10=0500h-056Fh -ASFR11=0580h-05EFh -ASFR12=0600h-066Fh \
  -ASFR13=0680h-06EFh -ASFR14=0700h-076Fh -ASFR15=0780h-07EFh \
  -ASFR16=0800h-086Fh -ASFR17=0880h-08EFh -ASFR18=0900h-096Fh \
  -ASFR19=0980h-09EFh -ASFR20=0A00h-0A6Fh -ASFR21=0A80h-0AEFh \
  -ASFR22=0B00h-0B6Fh -ASFR23=0B80h-0BEFh -ASFR24=0C00h-0C6Fh \
  -ASFR25=0C80h-0CEFh -ASFR26=0D00h-0D6Fh -ASFR27=0D80h-0DEFh \
  -ASFR28=0E00h-0E6Fh -ASFR29=0E80h-0EEFh -ASFR30=0F00h-0F6Fh \
  -ASFR31=0F80h-0FEFh -ACONFIG=08007h-0800Ah -DCONFIG=2 \
  -AIDLOC=08000h-08003h -DIDLOC=2 -AEEDATA=00h-0FFh/0F000h \
  -peeprom_data=EEDATA -DEEDATA=2 -DCODE=2 -DSTRCODE=2 -DSTRING=2 -DCONST=2 \
  -DENTRY=2 -preset_vec=00h,intentry=04h,sivt,init,end_init -ppowerup=CODE \
  -pcinit=CODE -pfunctab=ENTRY -k \
  C:\Users\Thomas\AppData\Local\Temp\xcAspp4.\driver_tmp_15.o \
  dist/default/production\Dough_Go.X.production.o 

Object code version is 3.11

Machine type is 16F18344



                Name                               Link     Load   Length Selector   Space Scale
C:\Users\Thomas\AppData\Local\Temp\xcAspp4.\driver_tmp_15.o
                end_init                             25       25        2        8       0
                reset_vec                             0        0        2        0       0
                config                             8007     8007        4        0       4
dist/default/production\Dough_Go.X.production.o
                cinit                                27       27       27        8       0
                intentry                              4        4       21        8       0
                config                             8007     8007        4        0       4
                text22                              972      972        9     12E4       0
                text21                              9C3      9C3       21     1386       0
                text19                              98A      98A       19     1314       0
                text18                              4F8      4F8      208        8       0
                text17                              E56      E56      1AA     1CAC       0
                text16                              DAB      DAB       AB     1B56       0
                text15                              700      700       AF        8       0
                text14                              AF6      AF6       76     15EC       0
                text13                              96A      96A        8     12D4       0
                text12                              9A3      9A3       20     1346       0
                text11                              97B      97B        F     12F6       0
                text10                              7AF      7AF       4F        8       0
                text9                               BE8      BE8       8B     17D0       0
                text8                               9E4      9E4       24     13C8       0
                text7                               2BD      2BD      23B        8       0
                text6                               A08      A08       36     1410       0
                text5                               B6C      B6C       7C     16D8       0
                text4                                4E       4E      26F        8       0
                text3                               A92      A92       64     1524       0
                text2                               A3E      A3E       54     147C       0
                text1                               D0E      D0E       9D     1A1C       0
                maintext                            C73      C73       9B     18E6       0
                cstackBANK0                          20       20       50       20       1
                cstackCOMMON                         70       70        A       70       1
                cstackBANK1                          A0       A0       21       A0       1
                clrtext                             95E      95E        6     12BC       0
                bssBANK2                            120      120       28      120       1
                dataBANK1                            D6       D6        6       A0       1
                bssBANK1                             C1       C1       15       A0       1
                bssCOMMON                            7A       7A        2       70       1
                idataBANK1                          964      964        6     12C8       0

TOTAL           Name                               Link     Load   Length     Space
        CLASS   CODE           
                end_init                             25       25        2         0
                cinit                                27       27       27         0
                intentry                              4        4       21         0
                reset_vec                             0        0        2         0
                text22                              972      972        9         0
                text21                              9C3      9C3       21         0
                text19                              98A      98A       19         0
                text18                              4F8      4F8      208         0
                text17                              E56      E56      1AA         0
                text16                              DAB      DAB       AB         0
                text15                              700      700       AF         0
                text14                              AF6      AF6       76         0
                text13                              96A      96A        8         0
                text12                              9A3      9A3       20         0
                text11                              97B      97B        F         0
                text10                              7AF      7AF       4F         0
                text9                               BE8      BE8       8B         0
                text8                               9E4      9E4       24         0
                text7                               2BD      2BD      23B         0
                text6                               A08      A08       36         0
                text5                               B6C      B6C       7C         0
                text4                                4E       4E      26F         0
                text3                               A92      A92       64         0
                text2                               A3E      A3E       54         0
                text1                               D0E      D0E       9D         0
                maintext                            C73      C73       9B         0
                clrtext                             95E      95E        6         0
                idataBANK1                          964      964        6         0

        CLASS   STRCODE        

        CLASS   STRING         

        CLASS   CONST          

        CLASS   ENTRY          

        CLASS   COMMON         
                cstackCOMMON                         70       70        A         1
                bssCOMMON                            7A       7A        2         1

        CLASS   BANK0          
                cstackBANK0                          20       20       50         1

        CLASS   BANK1          
                cstackBANK1                          A0       A0       21         1
                dataBANK1                            D6       D6        6         1
                bssBANK1                             C1       C1       15         1

        CLASS   BANK2          
                bssBANK2                            120      120       28         1

        CLASS   BANK3          

        CLASS   BANK4          

        CLASS   BANK5          

        CLASS   BANK6          

        CLASS   BIGRAM         

        CLASS   RAM            

        CLASS   ABS1           
                abs_s1                               7E       7E        2         1

        CLASS   SFR0           

        CLASS   SFR1           

        CLASS   SFR2           

        CLASS   SFR3           

        CLASS   SFR4           

        CLASS   SFR5           

        CLASS   SFR6           

        CLASS   SFR7           

        CLASS   SFR8           

        CLASS   SFR9           

        CLASS   SFR10          

        CLASS   SFR11          

        CLASS   SFR12          

        CLASS   SFR13          

        CLASS   SFR14          

        CLASS   SFR15          

        CLASS   SFR16          

        CLASS   SFR17          

        CLASS   SFR18          

        CLASS   SFR19          

        CLASS   SFR20          

        CLASS   SFR21          

        CLASS   SFR22          

        CLASS   SFR23          

        CLASS   SFR24          

        CLASS   SFR25          

        CLASS   SFR26          

        CLASS   SFR27          

        CLASS   SFR28          

        CLASS   SFR29          

        CLASS   SFR30          

        CLASS   SFR31          

        CLASS   CONFIG         
                config                             8007     8007        4         4

        CLASS   IDLOC          

        CLASS   EEDATA         

        CLASS   BANK31         

        CLASS   BANK30         

        CLASS   BANK29         

        CLASS   BANK28         

        CLASS   BANK27         

        CLASS   BANK26         

        CLASS   BANK25         

        CLASS   BANK24         

        CLASS   BANK23         

        CLASS   BANK22         

        CLASS   BANK21         

        CLASS   BANK20         

        CLASS   BANK19         

        CLASS   BANK18         

        CLASS   BANK17         

        CLASS   BANK16         

        CLASS   BANK15         

        CLASS   BANK14         

        CLASS   BANK13         

        CLASS   BANK12         

        CLASS   BANK11         

        CLASS   BANK10         

        CLASS   BANK9          

        CLASS   BANK8          

        CLASS   BANK7          

        CLASS   HEAP           

        CLASS   STACK          



SEGMENTS        Name                           Load    Length   Top    Selector   Space  Class     Delta

                reset_vec                      000000  000002  000002         0       0  CODE        2
                intentry                       000004  0007FA  0007FE         8       0  CODE        2
                cstackBANK0                    000020  000050  000070        20       1  BANK0       1
                cstackCOMMON                   000070  00000C  00007C        70       1  COMMON      1
                cstackBANK1                    0000A0  00003C  0000DC        A0       1  BANK1       1
                bssBANK2                       000120  000028  000148       120       1  BANK2       1
                clrtext                        00095E  000006  000964      12BC       0  CODE        2
                idataBANK1                     000964  000006  00096A      12C8       0  CODE        2
                text13                         00096A  000008  000972      12D4       0  CODE        2
                text22                         000972  000009  00097B      12E4       0  CODE        2
                text11                         00097B  00000F  00098A      12F6       0  CODE        2
                text19                         00098A  000019  0009A3      1314       0  CODE        2
                text12                         0009A3  000020  0009C3      1346       0  CODE        2
                text21                         0009C3  000021  0009E4      1386       0  CODE        2
                text8                          0009E4  000024  000A08      13C8       0  CODE        2
                text6                          000A08  000036  000A3E      1410       0  CODE        2
                text2                          000A3E  000054  000A92      147C       0  CODE        2
                text3                          000A92  000064  000AF6      1524       0  CODE        2
                text14                         000AF6  000076  000B6C      15EC       0  CODE        2
                text5                          000B6C  00007C  000BE8      16D8       0  CODE        2
                text9                          000BE8  00008B  000C73      17D0       0  CODE        2
                maintext                       000C73  00009B  000D0E      18E6       0  CODE        2
                text1                          000D0E  00009D  000DAB      1A1C       0  CODE        2
                text16                         000DAB  0000AB  000E56      1B56       0  CODE        2
                text17                         000E56  0001AA  001000      1CAC       0  CODE        2


UNUSED ADDRESS RANGES

        Name                Unused          Largest block    Delta
        BANK1            000DC-000EF              14           1
        BANK2            00148-0016F              28           1
        BANK3            001A0-001EF              50           1
        BANK4            00220-0026F              50           1
        BANK5            002A0-002EF              50           1
        BANK6            00320-0032F              10           1
        BIGRAM           02000-021EF             1F0           1
        CODE             00002-00003               2           2
                         007FE-0095D               2
        COMMON           0007C-0007D               2           1
        CONST            00002-00003               2           2
                         007FE-0095D             100
        EEDATA           0F000-0F0FF             100           2
        ENTRY            00002-00003               2           2
                         007FE-0095D             100
        IDLOC            08000-08003               4           2
        RAM              000DC-000EF              14           1
                         00148-0016F              28
                         001A0-001EF              50
                         00220-0026F              50
                         002A0-002EF              50
                         00320-0032F              10
        SFR0             00000-0001F              20           1
        SFR1             00080-0009F              20           1
        SFR10            00500-0056F              70           1
        SFR11            00580-005EF              70           1
        SFR12            00600-0066F              70           1
        SFR13            00680-006EF              70           1
        SFR14            00700-0076F              70           1
        SFR15            00780-007EF              70           1
        SFR16            00800-0086F              70           1
        SFR17            00880-008EF              70           1
        SFR18            00900-0096F              70           1
        SFR19            00980-009EF              70           1
        SFR2             00100-0011F              20           1
        SFR20            00A00-00A6F              70           1
        SFR21            00A80-00AEF              70           1
        SFR22            00B00-00B6F              70           1
        SFR23            00B80-00BEF              70           1
        SFR24            00C00-00C6F              70           1
        SFR25            00C80-00CEF              70           1
        SFR26            00D00-00D6F              70           1
        SFR27            00D80-00DEF              70           1
        SFR28            00E00-00E6F              70           1
        SFR29            00E80-00EEF              70           1
        SFR3             00180-0019F              20           1
        SFR30            00F00-00F6F              70           1
        SFR31            00F80-00FEF              70           1
        SFR4             00200-0021F              20           1
        SFR5             00280-0029F              20           1
        SFR6             00300-0031F              20           1
        SFR7             00380-003EF              70           1
        SFR8             00400-0046F              70           1
        SFR9             00480-004EF              70           1
        STRCODE          00002-00003               2           2
                         007FE-0095D             160
        STRING           00002-00003               2           2
                         007FE-0095D             100

                                  Symbol Table

?__Umul8_16              cstackCOMMON 00072
?___awdiv                cstackBANK1  000A8
?___awmod                cstackBANK1  000B0
?___fladd                cstackBANK0  00059
?___fldiv                cstackBANK0  0003F
?___flmul                cstackBANK0  00025
?___flsub                cstackBANK1  000A0
?___fltol                cstackBANK1  000A0
?___xxtofl               cstackCOMMON 00072
?_get_avg_temp           cstackBANK1  000A0
?_read_TC                cstackCOMMON 00072
SPI_out@dat              cstackCOMMON 00070
_ANSELA                  (abs)        0018C
_ANSELB                  (abs)        0018D
_ANSELC                  (abs)        0018E
_BAUD1CONbits            (abs)        0019F
_INTCONbits              (abs)        0000B
_ISR                     intentry     00004
_LATA                    (abs)        0010C
_LATB                    (abs)        0010D
_LATBbits                (abs)        0010D
_LATC                    (abs)        0010E
_LATCbits                (abs)        0010E
_OSCCON1                 (abs)        00919
_OSCFRQ                  (abs)        0091F
_PIE0bits                (abs)        00090
_PIE2bits                (abs)        00092
_PIR0bits                (abs)        00010
_PIR1bits                (abs)        00011
_PIR2bits                (abs)        00012
_PR2                     (abs)        0001E
_PR4                     (abs)        00416
_PWM5CONbits             (abs)        00619
_PWM5DCH                 (abs)        00618
_PWM5DCL                 (abs)        00617
_PWM_max                 bssBANK1     000CD
_RA4PPS                  (abs)        00E94
_RC0PPS                  (abs)        00EA0
_RC1STAbits              (abs)        0019D
_RC4PPS                  (abs)        00EA4
_RC7PPS                  (abs)        00EA7
_SP1BRGL                 (abs)        0019B
_SPI_out                 text22       00972
_SPI_read                text13       0096A
_SP_crossed              bssBANK1     000D4
_SSP1BUF                 (abs)        00211
_SSP1CON1bits            (abs)        00215
_SSP1DATPPS              (abs)        00E21
_SSP1STATbits            (abs)        00214
_T0CON0bits              (abs)        00017
_T0CON1bits              (abs)        00018
_T2CONbits               (abs)        0001F
_T4CONbits               (abs)        00417
_TEMPF_ones              dataBANK1    000DB
_TEMPF_tens              dataBANK1    000DA
_TRISA                   (abs)        0008C
_TRISAbits               (abs)        0008C
_TRISB                   (abs)        0008D
_TRISBbits               (abs)        0008D
_TRISC                   (abs)        0008E
_TRISCbits               (abs)        0008E
_TX1REG                  (abs)        0019A
_TX1STAbits              (abs)        0019E
__H__absolute__          __absolute__ 00000
__Habs1                  abs1         00000
__Hbank0                 bank0        00000
__Hbank1                 bank1        00000
__Hbank10                bank10       00000
__Hbank11                bank11       00000
__Hbank12                bank12       00000
__Hbank13                bank13       00000
__Hbank14                bank14       00000
__Hbank15                bank15       00000
__Hbank16                bank16       00000
__Hbank17                bank17       00000
__Hbank18                bank18       00000
__Hbank19                bank19       00000
__Hbank2                 bank2        00000
__Hbank20                bank20       00000
__Hbank21                bank21       00000
__Hbank22                bank22       00000
__Hbank23                bank23       00000
__Hbank24                bank24       00000
__Hbank25                bank25       00000
__Hbank26                bank26       00000
__Hbank27                bank27       00000
__Hbank28                bank28       00000
__Hbank29                bank29       00000
__Hbank3                 bank3        00000
__Hbank30                bank30       00000
__Hbank31                bank31       00000
__Hbank4                 bank4        00000
__Hbank5                 bank5        00000
__Hbank6                 bank6        00000
__Hbank7                 bank7        00000
__Hbank8                 bank8        00000
__Hbank9                 bank9        00000
__Hbigram                bigram       00000
__HbssBANK1              bssBANK1     00000
__HbssBANK2              bssBANK2     00000
__HbssCOMMON             bssCOMMON    00000
__Hcinit                 cinit        0004E
__Hclrtext               clrtext      00000
__Hcode                  code         00000
__Hcommon                common       00000
__Hconfig                config       0800B
__HcstackBANK0           cstackBANK0  00000
__HcstackBANK1           cstackBANK1  00000
__HcstackCOMMON          cstackCOMMON 00000
__HdataBANK1             dataBANK1    00000
__Heeprom_data           eeprom_data  00000
__Hend_init              end_init     00027
__Hfunctab               functab      00000
__Hheap                  heap         00000
__HidataBANK1            idataBANK1   00000
__Hinit                  init         00025
__Hintentry              intentry     00025
__Hmaintext              maintext     00000
__Hpowerup               powerup      00000
__Hram                   ram          00000
__Hreset_vec             reset_vec    00002
__Hsfr0                  sfr0         00000
__Hsfr1                  sfr1         00000
__Hsfr10                 sfr10        00000
__Hsfr11                 sfr11        00000
__Hsfr12                 sfr12        00000
__Hsfr13                 sfr13        00000
__Hsfr14                 sfr14        00000
__Hsfr15                 sfr15        00000
__Hsfr16                 sfr16        00000
__Hsfr17                 sfr17        00000
__Hsfr18                 sfr18        00000
__Hsfr19                 sfr19        00000
__Hsfr2                  sfr2         00000
__Hsfr20                 sfr20        00000
__Hsfr21                 sfr21        00000
__Hsfr22                 sfr22        00000
__Hsfr23                 sfr23        00000
__Hsfr24                 sfr24        00000
__Hsfr25                 sfr25        00000
__Hsfr26                 sfr26        00000
__Hsfr27                 sfr27        00000
__Hsfr28                 sfr28        00000
__Hsfr29                 sfr29        00000
__Hsfr3                  sfr3         00000
__Hsfr30                 sfr30        00000
__Hsfr31                 sfr31        00000
__Hsfr4                  sfr4         00000
__Hsfr5                  sfr5         00000
__Hsfr6                  sfr6         00000
__Hsfr7                  sfr7         00000
__Hsfr8                  sfr8         00000
__Hsfr9                  sfr9         00000
__Hsivt                  sivt         00025
__Hspace_0               (abs)        01000
__Hspace_1               (abs)        00148
__Hspace_2               (abs)        00000
__Hspace_3               (abs)        00000
__Hspace_4               (abs)        10012
__Hstack                 stack        00000
__Hstrings               strings      00000
__Htext                  text         00000
__L__absolute__          __absolute__ 00000
__Labs1                  abs1         00000
__Lbank0                 bank0        00000
__Lbank1                 bank1        00000
__Lbank10                bank10       00000
__Lbank11                bank11       00000
__Lbank12                bank12       00000
__Lbank13                bank13       00000
__Lbank14                bank14       00000
__Lbank15                bank15       00000
__Lbank16                bank16       00000
__Lbank17                bank17       00000
__Lbank18                bank18       00000
__Lbank19                bank19       00000
__Lbank2                 bank2        00000
__Lbank20                bank20       00000
__Lbank21                bank21       00000
__Lbank22                bank22       00000
__Lbank23                bank23       00000
__Lbank24                bank24       00000
__Lbank25                bank25       00000
__Lbank26                bank26       00000
__Lbank27                bank27       00000
__Lbank28                bank28       00000
__Lbank29                bank29       00000
__Lbank3                 bank3        00000
__Lbank30                bank30       00000
__Lbank31                bank31       00000
__Lbank4                 bank4        00000
__Lbank5                 bank5        00000
__Lbank6                 bank6        00000
__Lbank7                 bank7        00000
__Lbank8                 bank8        00000
__Lbank9                 bank9        00000
__Lbigram                bigram       00000
__LbssBANK1              bssBANK1     00000
__LbssBANK2              bssBANK2     00000
__LbssCOMMON             bssCOMMON    00000
__Lcinit                 cinit        00027
__Lclrtext               clrtext      00000
__Lcode                  code         00000
__Lcommon                common       00000
__Lconfig                config       00000
__LcstackBANK0           cstackBANK0  00000
__LcstackBANK1           cstackBANK1  00000
__LcstackCOMMON          cstackCOMMON 00000
__LdataBANK1             dataBANK1    00000
__Leeprom_data           eeprom_data  00000
__Lend_init              end_init     00025
__Lfunctab               functab      00000
__Lheap                  heap         00000
__LidataBANK1            idataBANK1   00000
__Linit                  init         00025
__Lintentry              intentry     00004
__Lmaintext              maintext     00000
__Lpowerup               powerup      00000
__Lram                   ram          00000
__Lreset_vec             reset_vec    00000
__Lsfr0                  sfr0         00000
__Lsfr1                  sfr1         00000
__Lsfr10                 sfr10        00000
__Lsfr11                 sfr11        00000
__Lsfr12                 sfr12        00000
__Lsfr13                 sfr13        00000
__Lsfr14                 sfr14        00000
__Lsfr15                 sfr15        00000
__Lsfr16                 sfr16        00000
__Lsfr17                 sfr17        00000
__Lsfr18                 sfr18        00000
__Lsfr19                 sfr19        00000
__Lsfr2                  sfr2         00000
__Lsfr20                 sfr20        00000
__Lsfr21                 sfr21        00000
__Lsfr22                 sfr22        00000
__Lsfr23                 sfr23        00000
__Lsfr24                 sfr24        00000
__Lsfr25                 sfr25        00000
__Lsfr26                 sfr26        00000
__Lsfr27                 sfr27        00000
__Lsfr28                 sfr28        00000
__Lsfr29                 sfr29        00000
__Lsfr3                  sfr3         00000
__Lsfr30                 sfr30        00000
__Lsfr31                 sfr31        00000
__Lsfr4                  sfr4         00000
__Lsfr5                  sfr5         00000
__Lsfr6                  sfr6         00000
__Lsfr7                  sfr7         00000
__Lsfr8                  sfr8         00000
__Lsfr9                  sfr9         00000
__Lsivt                  sivt         00025
__Lspace_0               (abs)        00000
__Lspace_1               (abs)        00000
__Lspace_2               (abs)        00000
__Lspace_3               (abs)        00000
__Lspace_4               (abs)        00000
__Lstack                 stack        00000
__Lstrings               strings      00000
__Ltext                  text         00000
__S0                     (abs)        01000
__S1                     (abs)        00148
__S3                     (abs)        00000
__Umul8_16               text8        009E4
__Umul8_16@multiplicand  cstackCOMMON 00072
__Umul8_16@multiplier    cstackBANK0  00024
__Umul8_16@product       cstackBANK0  00020
__Umul8_16@word_mpld     cstackBANK0  00022
___awdiv                 text3        00A92
___awdiv@counter         cstackBANK1  000AC
___awdiv@dividend        cstackBANK1  000AA
___awdiv@divisor         cstackBANK1  000A8
___awdiv@quotient        cstackBANK1  000AE
___awdiv@sign            cstackBANK1  000AD
___awmod                 text2        00A3E
___awmod@counter         cstackBANK1  000B5
___awmod@dividend        cstackBANK1  000B2
___awmod@divisor         cstackBANK1  000B0
___awmod@sign            cstackBANK1  000B6
___fladd                 text18       004F8
___fladd@a               cstackBANK0  0005D
___fladd@aexp            cstackBANK0  0006A
___fladd@b               cstackBANK0  00059
___fladd@bexp            cstackBANK0  0006B
___fladd@grs             cstackBANK0  0006C
___fladd@signs           cstackBANK0  00069
___fldiv                 text17       00E56
___fldiv@a               cstackBANK0  0003F
___fldiv@aexp            cstackBANK0  00058
___fldiv@b               cstackBANK0  00043
___fldiv@bexp            cstackBANK0  00057
___fldiv@grs             cstackBANK0  00053
___fldiv@new_exp         cstackBANK0  00051
___fldiv@rem             cstackBANK0  0004C
___fldiv@sign            cstackBANK0  00050
___fleq                  text10       007AF
___fleq@ff1              cstackCOMMON 00072
___fleq@ff2              cstackCOMMON 00076
___flge                  text9        00BE8
___flge@ff1              cstackBANK1  000A0
___flge@ff2              cstackBANK1  000A4
___flmul                 text7        002BD
___flmul@a               cstackBANK0  00029
___flmul@aexp            cstackBANK0  00033
___flmul@b               cstackBANK0  00025
___flmul@bexp            cstackBANK0  00038
___flmul@grs             cstackBANK0  00034
___flmul@prod            cstackBANK0  00039
___flmul@sign            cstackBANK0  00032
___flmul@temp            cstackBANK0  0003D
___flsub                 text6        00A08
___flsub@a               cstackBANK1  000A0
___flsub@b               cstackBANK1  000A4
___fltol                 text5        00B6C
___fltol@exp1            cstackBANK0  0006E
___fltol@f1              cstackBANK1  000A0
___fltol@sign1           cstackBANK0  0006D
___heap_hi               (abs)        00000
___heap_lo               (abs)        00000
___int_sp                stack        00000
___int_stack_hi          stack        00000
___int_stack_lo          stack        00000
___latbits               (abs)        00001
___sp                    stack        00000
___stack_hi              stack        00000
___stack_lo              stack        00000
___stackhi               (abs)        00000
___stacklo               (abs)        00000
___xxtofl                text16       00DAB
___xxtofl@arg            cstackBANK0  00022
___xxtofl@exp            cstackBANK0  00021
___xxtofl@sign           cstackBANK0  00020
___xxtofl@val            cstackCOMMON 00072
__end_of_ISR             intentry     00025
__end_of_SPI_out         text22       0097B
__end_of_SPI_read        text13       00972
__end_of__Umul8_16       text8        00A08
__end_of___awdiv         text3        00AF6
__end_of___awmod         text2        00A92
__end_of___fladd         text18       00700
__end_of___fldiv         text17       01000
__end_of___fleq          text10       007FE
__end_of___flge          text9        00C73
__end_of___flmul         text7        004F8
__end_of___flsub         text6        00A3E
__end_of___fltol         text5        00BE8
__end_of___xxtofl        text16       00E56
__end_of__initialization cinit        0004A
__end_of_buff_put        text19       009A3
__end_of_get_avg_temp    text15       007AF
__end_of_init            text14       00B6C
__end_of_main            maintext     00D0E
__end_of_read_TC         text12       009C3
__end_of_ref_disp        text21       009E4
__end_of_set_PWM         text11       0098A
__end_of_upd_PWM         text4        002BD
__end_of_upd_disp        text1        00DAB
__initialization         cinit        00027
__pbssBANK1              bssBANK1     000C1
__pbssBANK2              bssBANK2     00120
__pbssCOMMON             bssCOMMON    0007A
__pcstackBANK0           cstackBANK0  00020
__pcstackBANK1           cstackBANK1  000A0
__pcstackCOMMON          cstackCOMMON 00070
__pdataBANK1             dataBANK1    000D6
__pidataBANK1            idataBANK1   00964
__pintentry              intentry     00004
__pmaintext              maintext     00C73
__ptext1                 text1        00D0E
__ptext10                text10       007AF
__ptext11                text11       0097B
__ptext12                text12       009A3
__ptext13                text13       0096A
__ptext14                text14       00AF6
__ptext15                text15       00700
__ptext16                text16       00DAB
__ptext17                text17       00E56
__ptext18                text18       004F8
__ptext19                text19       0098A
__ptext2                 text2        00A3E
__ptext21                text21       009C3
__ptext22                text22       00972
__ptext3                 text3        00A92
__ptext4                 text4        0004E
__ptext5                 text5        00B6C
__ptext6                 text6        00A08
__ptext7                 text7        002BD
__ptext8                 text8        009E4
__ptext9                 text9        00BE8
_buff_full               bssBANK1     000D5
_buff_index              bssCOMMON    0007B
_buff_put                text19       0098A
_cum_err                 bssBANK1     000C5
_cur_PWM                 bssBANK1     000CF
_cur_temp                bssBANK1     000C9
_flags                   bssBANK1     000D1
_get_avg_temp            text15       00700
_get_avg_temp$1279       cstackBANK1  000A4
_init                    text14       00AF6
_main                    maintext     00C73
_mode                    bssBANK1     000D2
_prev_err                bssBANK1     000C1
_read_TC                 text12       009A3
_ref_disp                text21       009C3
_set_PWM                 text11       0097B
_temp_buffer             bssBANK2     00120
_upd_PWM                 text4        0004E
_upd_PWM$1280            cstackBANK1  000AC
_upd_disp                text1        00D0E
btemp                    (abs)        0007E
buff_put@dat             cstackCOMMON 00078
clear_ram0               clrtext      0095E
end_of_initialization    cinit        0004A
get_avg_temp@i           cstackBANK1  000AC
get_avg_temp@sum         cstackBANK1  000A8
int$flags                (abs)        0007E
intlevel0                functab      00000
intlevel1                functab      00000
intlevel2                functab      00000
intlevel3                functab      00000
intlevel4                functab      00000
intlevel5                functab      00000
read_TC@DAT_BUFFER       cstackCOMMON 00076
reset_vec                reset_vec    00000
set_PWM@PWM              cstackCOMMON 00072
start                    init         00025
start_initialization     cinit        00027
upd_PWM@err              cstackBANK1  000B0
upd_disp@TEMPF           cstackBANK1  000BD
upd_disp@dat             cstackBANK1  000B7
wtemp0                   (abs)        0007E


MODULE INFORMATION

Module		Function		Class		Link	Load	Size
C:\Program Files\Microchip\xc8\v2.46\pic\sources\c99\common\fltol.c
		___fltol       		CODE           	0B6C	0000	124

C:\Program Files\Microchip\xc8\v2.46\pic\sources\c99\common\fltol.c estimated size: 124

C:\Program Files\Microchip\xc8\v2.46\pic\sources\c99\common\Umul8_16.c
		__Umul8_16     		CODE           	09E4	0000	36

C:\Program Files\Microchip\xc8\v2.46\pic\sources\c99\common\Umul8_16.c estimated size: 36

C:\Program Files\Microchip\xc8\v2.46\pic\sources\c99\common\awdiv.c
		___awdiv       		CODE           	0A92	0000	100

C:\Program Files\Microchip\xc8\v2.46\pic\sources\c99\common\awdiv.c estimated size: 100

C:\Program Files\Microchip\xc8\v2.46\pic\sources\c99\common\xxtofl.c
		___xxtofl      		CODE           	0DAB	0000	171

C:\Program Files\Microchip\xc8\v2.46\pic\sources\c99\common\xxtofl.c estimated size: 171

C:\Program Files\Microchip\xc8\v2.46\pic\sources\c99\common\sprcmul.c
		___flmul       		CODE           	02BD	0000	571

C:\Program Files\Microchip\xc8\v2.46\pic\sources\c99\common\sprcmul.c estimated size: 571

C:\Program Files\Microchip\xc8\v2.46\pic\sources\c99\common\sprcdiv.c
		___fldiv       		CODE           	0E56	0000	426

C:\Program Files\Microchip\xc8\v2.46\pic\sources\c99\common\sprcdiv.c estimated size: 426

C:\Program Files\Microchip\xc8\v2.46\pic\sources\c99\common\fleq.c
		___fleq        		CODE           	07AF	0000	79

C:\Program Files\Microchip\xc8\v2.46\pic\sources\c99\common\fleq.c estimated size: 79

shared
		__initialization		CODE           	0027	0000	35

shared estimated size: 35

C:\Program Files\Microchip\xc8\v2.46\pic\sources\c99\common\sprcadd.c
		___flsub       		CODE           	0A08	0000	54
		___fladd       		CODE           	04F8	0000	520

C:\Program Files\Microchip\xc8\v2.46\pic\sources\c99\common\sprcadd.c estimated size: 574

C:\Program Files\Microchip\xc8\v2.46\pic\sources\c99\common\awmod.c
		___awmod       		CODE           	0A3E	0000	84

C:\Program Files\Microchip\xc8\v2.46\pic\sources\c99\common\awmod.c estimated size: 84

main.c
		_init          		CODE           	0AF6	0000	118
		_SPI_read      		CODE           	096A	0000	8
		_SPI_out       		CODE           	0972	0000	9
		_buff_put      		CODE           	098A	0000	25
		_ISR           		CODE           	0004	0000	33
		_set_PWM       		CODE           	097B	0000	15
		_main          		CODE           	0C73	0000	155
		_ref_disp      		CODE           	09C3	0000	33
		_read_TC       		CODE           	09A3	0000	32
		_upd_disp      		CODE           	0D0E	0000	157
		_get_avg_temp  		CODE           	0700	0000	175
		_upd_PWM       		CODE           	004E	0000	623

main.c estimated size: 1383

C:\Program Files\Microchip\xc8\v2.46\pic\sources\c99\common\flge.c
		___flge        		CODE           	0BE8	0000	139

C:\Program Files\Microchip\xc8\v2.46\pic\sources\c99\common\flge.c estimated size: 139

